{"dependencies":[],"output":[{"data":{"code":"__d(function (global, require, _$$_IMPORT_DEFAULT, _$$_IMPORT_ALL, module, exports, _dependencyMap) {\n  'use strict';\n\n  module.exports = git;\n  git.displayName = 'git';\n  git.aliases = [];\n  function git(Prism) {\n    Prism.languages.git = {\n      /*\n       * A simple one line comment like in a git status command\n       * For instance:\n       * $ git status\n       * # On branch infinite-scroll\n       * # Your branch and 'origin/sharedBranches/frontendTeam/infinite-scroll' have diverged,\n       * # and have 1 and 2 different commits each, respectively.\n       * nothing to commit (working directory clean)\n       */\n      comment: /^#.*/m,\n      /*\n       * Regexp to match the changed lines in a git diff output. Check the example below.\n       */\n      deleted: /^[-–].*/m,\n      inserted: /^\\+.*/m,\n      /*\n       * a string (double and simple quote)\n       */\n      string: /(\"|')(?:\\\\.|(?!\\1)[^\\\\\\r\\n])*\\1/m,\n      /*\n       * a git command. It starts with a random prompt finishing by a $, then \"git\" then some other parameters\n       * For instance:\n       * $ git add file.txt\n       */\n      command: {\n        pattern: /^.*\\$ git .*$/m,\n        inside: {\n          /*\n           * A git command can contain a parameter starting by a single or a double dash followed by a string\n           * For instance:\n           * $ git diff --cached\n           * $ git log -p\n           */\n          parameter: /\\s--?\\w+/m\n        }\n      },\n      /*\n       * Coordinates displayed in a git diff command\n       * For instance:\n       * $ git diff\n       * diff --git file.txt file.txt\n       * index 6214953..1d54a52 100644\n       * --- file.txt\n       * +++ file.txt\n       * @@ -1 +1,2 @@\n       * -Here's my tetx file\n       * +Here's my text file\n       * +And this is the second line\n       */\n      coord: /^@@.*@@$/m,\n      /*\n       * Match a \"commit [SHA1]\" line in a git log output.\n       * For instance:\n       * $ git log\n       * commit a11a14ef7e26f2ca62d4b35eac455ce636d0dc09\n       * Author: lgiraudel\n       * Date:   Mon Feb 17 11:18:34 2014 +0100\n       *\n       *     Add of a new line\n       */\n      commit_sha1: /^commit \\w{40}$/m\n    };\n  }\n});","lineCount":72,"map":[[2,2,1,0],[2,14,1,12],[4,2,3,0,"module"],[4,8,3,6],[4,9,3,7,"exports"],[4,16,3,14],[4,19,3,17,"git"],[4,22,3,20],[5,2,4,0,"git"],[5,5,4,3],[5,6,4,4,"displayName"],[5,17,4,15],[5,20,4,18],[5,25,4,23],[6,2,5,0,"git"],[6,5,5,3],[6,6,5,4,"aliases"],[6,13,5,11],[6,16,5,14],[6,18,5,16],[7,2,6,0],[7,11,6,9,"git"],[7,14,6,12,"git"],[7,15,6,13,"Prism"],[7,20,6,18],[7,22,6,20],[8,4,7,2,"Prism"],[8,9,7,7],[8,10,7,8,"languages"],[8,19,7,17],[8,20,7,18,"git"],[8,23,7,21],[8,26,7,24],[9,6,8,4],[10,0,9,0],[11,0,10,0],[12,0,11,0],[13,0,12,0],[14,0,13,0],[15,0,14,0],[16,0,15,0],[17,0,16,0],[18,6,17,4,"comment"],[18,13,17,11],[18,15,17,13],[18,22,17,20],[19,6,18,4],[20,0,19,0],[21,0,20,0],[22,6,21,4,"deleted"],[22,13,21,11],[22,15,21,13],[22,25,21,23],[23,6,22,4,"inserted"],[23,14,22,12],[23,16,22,14],[23,24,22,22],[24,6,23,4],[25,0,24,0],[26,0,25,0],[27,6,26,4,"string"],[27,12,26,10],[27,14,26,12],[27,48,26,46],[28,6,27,4],[29,0,28,0],[30,0,29,0],[31,0,30,0],[32,0,31,0],[33,6,32,4,"command"],[33,13,32,11],[33,15,32,13],[34,8,33,6,"pattern"],[34,15,33,13],[34,17,33,15],[34,33,33,31],[35,8,34,6,"inside"],[35,14,34,12],[35,16,34,14],[36,10,35,8],[37,0,36,0],[38,0,37,0],[39,0,38,0],[40,0,39,0],[41,0,40,0],[42,10,41,8,"parameter"],[42,19,41,17],[42,21,41,19],[43,8,42,6],[44,6,43,4],[44,7,43,5],[45,6,44,4],[46,0,45,0],[47,0,46,0],[48,0,47,0],[49,0,48,0],[50,0,49,0],[51,0,50,0],[52,0,51,0],[53,0,52,0],[54,0,53,0],[55,0,54,0],[56,0,55,0],[57,0,56,0],[58,6,57,4,"coord"],[58,11,57,9],[58,13,57,11],[58,24,57,22],[59,6,58,4],[60,0,59,0],[61,0,60,0],[62,0,61,0],[63,0,62,0],[64,0,63,0],[65,0,64,0],[66,0,65,0],[67,0,66,0],[68,0,67,0],[69,6,68,4,"commit_sha1"],[69,17,68,15],[69,19,68,17],[70,4,69,2],[70,5,69,3],[71,2,70,0],[72,0,70,1],[72,3]],"functionMap":{"names":["<global>","git"],"mappings":"AAA;ACK;CDgE"},"hasCjsExports":true},"type":"js/module"}]}